// Jest Snapshot v1, https://goo.gl/fbAQLP

exports[`HeaderBar should render correctly 1`] = `
<header
  className="Header"
>
  <span
    className="header-item"
  >
    <img
      src={[Function]}
    />
  </span>
  <span
    className="header-item"
  >
    <img
      className="kasaz-logo"
      src={[Function]}
    />
  </span>
  <div
    className="header-item"
  />
</header>
`;
